// Jest Snapshot v1, https://goo.gl/fbAQLP

exports[`should render editexpensepage 1`] = `
<div>
  <ExpenseForm
    expense={
      Object {
        "amount": 1000,
        "createdAt": 86400000,
        "description": "eee",
        "id": "3",
        "note": "",
      }
    }
    onSubmit={[Function]}
  />
  <button
    onClick={[Function]}
  >
    remove
  </button>
</div>
`;
