// Jest Snapshot v1, https://goo.gl/fbAQLP

exports[`should render exportdashboardpage 1`] = `
<div>
  This is dash board component
  <Connect(ExpenseListfilter) />
  <Connect(ExpenseList) />
</div>
`;
